
> react-typescript-starter@0.1.0 test
> react-scripts test --coverage

Browserslist: caniuse-lite is outdated. Please run:
  npx browserslist@latest --update-db
  Why you should do it regularly: https://github.com/browserslist/browserslist#browsers-data-updating
FAIL src/nested.test.ts
  ● Testing the Question[] functions › Testing the sameType function

    expect(received).toEqual(expected) // deep equality

    Expected: false
    Received: true

      638 |     test("Testing the sameType function", () => {
      639 |         expect(sameType([])).toEqual(true);
    > 640 |         expect(sameType(BLANK_QUESTIONS)).toEqual(false);
          |                                           ^
      641 |         expect(sameType(SIMPLE_QUESTIONS)).toEqual(false);
      642 |         expect(sameType(TRIVIA_QUESTIONS)).toEqual(true);
      643 |         expect(sameType(EMPTY_QUESTIONS)).toEqual(false);

      at Object.<anonymous> (src/nested.test.ts:640:43)

FAIL src/arrays.test.ts
  ● Testing the array functions › Testing the injectPositive function

    expect(received).toEqual(expected) // deep equality

    - Expected  - 1
    + Received  + 1

      Array [
        100,
        199,
        1,
        -5,
    -   300,
    +   295,
        7,
        3,
      ]

      267 |         expect(injectPositive(NUMBERS_3)).toEqual([5, 5]);
      268 |         expect(injectPositive(NUMBERS_4)).toEqual([0]);
    > 269 |         expect(injectPositive(NUMBERS_5)).toEqual([100, 199, 1, -5, 300, 7, 3]);
          |                                           ^
      270 |         expect(injectPositive(NUMBERS_6)).toEqual([-100, 0, -200, 100, 200]);
      271 |         expect(injectPositive(NUMBERS_7)).toEqual([199, 1, 550, 50, 200, 1000]);
      272 |     });

      at Object.<anonymous> (src/arrays.test.ts:269:43)

PASS src/objects.test.ts
PASS src/components/StartAttempt.test.tsx
FAIL src/components/TwoDice.test.tsx
  ● TwoDice Component tests › Clicking left button changes first number

    expect(jest.fn()).toBeCalledTimes(expected)

    Expected number of calls: 3
    Received number of calls: 11

      52 |         leftButton.click();
      53 |         // Then the random function should be called 3 times
    > 54 |         expect(mathRandomFunction).toBeCalledTimes(3);
         |                                    ^
      55 |         // And the number to be 5
      56 |         const leftNumber = extractDigits(screen.getByTestId("left-die"));
      57 |         expect(leftNumber).toEqual(5);

      at Object.<anonymous> (src/components/TwoDice.test.tsx:54:36)

  ● TwoDice Component tests › Clicking right button changes second number

    expect(jest.fn()).toBeCalledTimes(expected)

    Expected number of calls: 3
    Received number of calls: 9

      64 |         rightButton.click();
      65 |         // Then the random function should be called 3 times
    > 66 |         expect(mathRandomFunction).toBeCalledTimes(3);
         |                                    ^
      67 |         // And the number to be 5
      68 |         const rightNumber = extractDigits(screen.getByTestId("right-die"));
      69 |         expect(rightNumber).toEqual(5);

      at Object.<anonymous> (src/components/TwoDice.test.tsx:66:36)

  ● TwoDice Component tests › Rolling two different numbers does not win or lose the game

    expect(received).toEqual(expected) // deep equality

    Expected: 1
    Received: 5

      82 |         const leftNumber = extractDigits(leftDie);
      83 |         const rightNumber = extractDigits(rightDie);
    > 84 |         expect(leftNumber).toEqual(1);
         |                            ^
      85 |         expect(rightNumber).toEqual(6);
      86 |         // And then the game is not won
      87 |         const winText = screen.queryByText(/Win/i);

      at Object.<anonymous> (src/components/TwoDice.test.tsx:84:28)

  ● TwoDice Component tests › Getting snake eyes loses the game

    expect(received).toEqual(expected) // deep equality

    Expected: 1
    Received: 5

      106 |         const leftNumber = extractDigits(leftDie);
      107 |         const rightNumber = extractDigits(rightDie);
    > 108 |         expect(leftNumber).toEqual(1);
          |                            ^
      109 |         expect(rightNumber).toEqual(1);
      110 |         // And then the game is not won
      111 |         const winText = screen.queryByText(/Win/i);

      at Object.<anonymous> (src/components/TwoDice.test.tsx:108:28)

  ● TwoDice Component tests › Getting matching numbers wins the game

    expect(received).toEqual(expected) // deep equality

    Expected: 5
    Received: 4

      129 |         const leftNumber = extractDigits(leftDie);
      130 |         const rightNumber = extractDigits(rightDie);
    > 131 |         expect(leftNumber).toEqual(5);
          |                            ^
      132 |         expect(rightNumber).toEqual(5);
      133 |         // And then the game is not lost
      134 |         const loseText = screen.queryByText(/Lose/i);

      at Object.<anonymous> (src/components/TwoDice.test.tsx:131:28)

FAIL src/HtmlCss.test.tsx
  ● Some HTML Elements are added. › There is a header

    TestingLibraryElementError: Found multiple elements with the role "heading"

    Here are the matching elements:

    Ignored nodes: comments, <script />, <style />
    [36m<h1>[39m
      [0m Lizzy Kalfas [0m
    [36m</h1>[39m

    Ignored nodes: comments, <script />, <style />
    [36m<h1>[39m
      [0mQuiz Application[0m
    [36m</h1>[39m

    (If this is intentional, then use the `*AllBy*` variant of the query (like `queryAllByText`, `getAllByText`, or `findAllByText`)).

    Ignored nodes: comments, <script />, <style />
    [36m<body>[39m
      [36m<div>[39m
        [36m<div[39m
          [33mclass[39m=[32m"App"[39m
        [36m>[39m
          [36m<h1>[39m
            [0m Lizzy Kalfas [0m
          [36m</h1>[39m
          [36m<header[39m
            [33mclass[39m=[32m"App-header"[39m
          [36m>[39m
            [0mUD CISC275[0m
          [36m</header>[39m
          [36m<ol>[39m
            [36m<li>[39m
              [0mDog[0m
            [36m</li>[39m
            [36m<li>[39m
              [0mCat[0m
            [36m</li>[39m
            [36m<li>[39m
              [0mHamster[0m
            [36m</li>[39m
          [36m</ol>[39m
          [0m;[0m
          [36m<img[39m
            [33malt[39m=[32m"A picture of a cute dog"[39m
            [33msrc[39m=[32m"https://cdn.psychologytoday.com/sites/default/files/styles/article-inline-half-caption/public/field_blog_entry_images/2021-09/puppy-socialization-pexels-helena-lopes-1790444.jpg?itok=wqs5TWkk"[39m
          [36m/>[39m
          [36m<button[39m
            [33mclass[39m=[32m"btn btn-primary"[39m
            [33mtype[39m=[32m"button"[39m
          [36m>[39m
            [0mLog Hello World[0m
          [36m</button>[39m
          [36m<div[39m
            [33mclass[39m=[32m"container"[39m
          [36m>[39m
            [36m<div[39m
              [33mclass[39m=[32m"row"[39m
            [36m>[39m
              [36m<div[39m
                [33mclass[39m=[32m"col"[39m
              [36m>[39m
                [0mFirst column[0m
                [36m<p>[39m
                  [0m [0m
                [36m</p>[39m
                [36m<svg[39m
                  [33mheight[39m=[32m"50"[39m
                  [33mwidth[39m=[32m"100"[39m
                [36m>[39m
                  [36m<rect[39m
                    [33mfill[39m=[32m"red"[39m
                    [33mheight[39m=[32m"50"[39m
                    [33mwidth[39m=[32m"100"[39m
                  [36m/>[39m
                [36m</svg>[39m
              [36m</div>[39m
              [36m<div[39m
                [33mclass[39m=[32m"col"[39m
              [36m>[39m
                [0mSecond column.[0m
                [36m<p>[39m
                  [0m [0m
                [36m</p>[39m
                [36m<svg[39m
                  [33mheight[39m=[32m"50"[39m
                  [33mwidth[39m=[32m"100"[39m
                [36m>[39m
                  [36m<rect[39m
                    [33mfill[39m=[32m"red"[39m
                    [33mheight[39m=[32m"50"[39m
                    [33mwidth[39m=[32m"100"[39m
                  [36m/>[39m
                [36m</svg>[39m
              [36m</div>[39m
            [36m</div>[39m
          [36m</div>[39m
          [36m<hr />[39m
          [36m<span>[39m
            [36m<button[39m
              [33mclass[39m=[32m"btn btn-primary"[39m
              [33mtype[39m=[32m"button"[39m
            [36m>[39m
              [0mAdd One[0m
            [36m</button>[39m
            [0mto [0m
            [0m0[0m
            [0m.[0m
          [36m</span>[39m
          [36m<hr />[39m
          [36m<div>[39m
            [36m<h1>[39m
              [0mQuiz Application[0m
            [36m</h1>[39m
            [36m<button[39m
              [33mclass[39m=[32m"btn btn-primary"[39m
              [33mtype[39m=[32m"button"[39m
            [36m>[39m
              [0mReveal Answer[0m
            [36m</button>[39m
          [36m</div>[39m
          [36m<hr />[39m
          [36m<div>[39m
            [36m<p>[39m
              [0mNumber of attempts: [0m
              [0m4[0m
            [36m</p>[39m
            [36m<p>[39m
              [0mQuiz in progress: [0m
              [0mNo[0m
            [36m</p>[39m
            [36m<button[39m
              [33mclass[39m=[32m"btn btn-primary"[39m
              [33mtype[39m=[32m"button"[39m
            [36m>[39m
              [0mStart Quiz[0m
            [36m</button>[39m
            [36m<button[39m
              [33mclass[39m=[32m"btn btn-primary"[39m
              [33mdisabled[39m=[32m""[39m
              [33mtype[39m=[32m"button"[39m
            [36m>[39m
              [0mStop Quiz[0m
            [36m</button>[39m
            [36m<button[39m
              [33mclass[39m=[32m"btn btn-primary"[39m
              [33mtype[39m=[32m"button"[39m
            [36m>[39m
              [0mMulligan[0m
            [36m</button>[39m
          [36m</div>[39m
          [36m<hr />[39m
          [36m<div>[39m
            [36m<span[39m
              [33mdata-testid[39m=[32m"left-die"[39m
            [36m>[39m
              [0mLeft Die: [0m
              [0m3[0m
            [36m</span>[39m
            [36m<span[39m
              [33mdata-testid[39m=[32m"right-die"[39m
            [36m>[39m
              [0mRight Die: [0m
              [0m3[0m
            [36m</span>[39m
            [36m<button[39m
              [33mclass[39m=[32m"btn btn-primary"[39m
              [33mtype[39m=[32m"button"[39m
            [36m>[39m
              [0mRoll Left[0m
            [36m</button>[39m
            [36m<button[39m
              [33mclass[39m=[32m"btn btn-primary"[39m
              [33mtype[39m=[32m"button"[39m
            [36m>[39m
              [0mRoll Right[0m
            [36m</button>[39m
            [36m<p>[39m
              [0mYou Win![0m
            [36m</p>[39m
          [36m</div>[39m
          [36m<hr />[39m
          [36m<div>[39m
            [36m<button[39m
              [33mclass[39m=[32m"btn btn-primary"[39m
              [33mtype[39m=[32m"button"[39m
            [36m>[39m
              [0mChange Type[0m
            [36m</button>[39m
            [36m<div>[39m
              [0mShort Answer[0m
            [36m</div>[39m
          [36m</div>[39m
          [36m<hr />[39m
          [36m<div>[39m
            [36m<div>[39m
              [0mHoliday: [0m
              [0m❤️[0m
            [36m</div>[39m
            [36m<button[39m
              [33mclass[39m=[32m"btn btn-primary"[39m
              [33mtype[39m=[32m"button"[39m
            [36m>[39m
              [0mAdvance by Year[0m
            [36m</button>[39m
            [36m<button[39m
              [33mclass[39m=[32m"btn btn-primary"[39m
              [33mtype[39m=[32m"button"[39m
            [36m>[39m
              [0mAdvance Alphabetically[0m
            [36m</button>[39m
          [36m</div>[39m
        [36m</div>[39m
      [36m</div>[39m
    [36m</body>[39m

       7 |     test("There is a header", () => {
       8 |         render(<App />);
    >  9 |         const header = screen.getByRole("heading");
         |                               ^
      10 |         expect(header).toBeInTheDocument();
      11 |     });
      12 |

      at Object.getElementError (node_modules/@testing-library/dom/dist/config.js:38:19)
      at getElementError (node_modules/@testing-library/dom/dist/query-helpers.js:25:35)
      at getMultipleElementsFoundError (node_modules/@testing-library/dom/dist/query-helpers.js:29:10)
      at node_modules/@testing-library/dom/dist/query-helpers.js:66:13
      at getByRole (node_modules/@testing-library/dom/dist/query-helpers.js:111:19)
      at Object.<anonymous> (src/HtmlCss.test.tsx:9:31)

PASS src/functions.test.ts
PASS src/components/ChangeType.test.tsx
PASS src/components/CycleHoliday.test.tsx
PASS src/components/Counter.test.tsx
PASS src/components/RevealAnswer.test.tsx
PASS src/text.test.tsx
PASS src/App.test.tsx
-------------------|---------|----------|---------|---------|-------------------
File               | % Stmts | % Branch | % Funcs | % Lines | Uncovered Line #s 
-------------------|---------|----------|---------|---------|-------------------
All files          |   98.62 |    92.47 |     100 |   98.55 |                   
 src               |   98.21 |    94.02 |     100 |    98.1 |                   
  App.tsx          |     100 |      100 |     100 |     100 |                   
  arrays.ts        |     100 |      100 |     100 |     100 |                   
  functions.ts     |   95.23 |    91.66 |     100 |   95.23 | 54                
  nested.ts        |    98.5 |       92 |     100 |   98.36 | 152               
  objects.ts       |   96.55 |       90 |     100 |   96.55 | 54                
 src/components    |     100 |    88.46 |     100 |     100 |                   
  ChangeType.tsx   |     100 |      100 |     100 |     100 |                   
  Counter.tsx      |     100 |      100 |     100 |     100 |                   
  CycleHoliday.tsx |     100 |      100 |     100 |     100 |                   
  RevealAnswer.tsx |     100 |      100 |     100 |     100 |                   
  StartAttempt.tsx |     100 |    83.33 |     100 |     100 | 9                 
  TwoDice.tsx      |     100 |    83.33 |     100 |     100 | 20,43             
 src/interfaces    |       0 |        0 |       0 |       0 |                   
  answer.ts        |       0 |        0 |       0 |       0 |                   
  question.ts      |       0 |        0 |       0 |       0 |                   
-------------------|---------|----------|---------|---------|-------------------

Test Suites: 4 failed, 9 passed, 13 total
Tests:       8 failed, 93 passed, 101 total
Snapshots:   0 total
Time:        8.184 s
Ran all test suites.
